// Jest Snapshot v1, https://goo.gl/fbAQLP

exports[`deve cadastrar usu√°rio com sucesso 1`] = `
Object {
  "Usuario": Array [
    Usuario {
      "email": "felipe@mail.com",
      "id": 1,
      "nome": "Felipe Aguiar",
      "papel": "usuario",
      "version": 1,
    },
  ],
}
`;
